// Jest Snapshot v1, https://goo.gl/fbAQLP

exports[`Header render component as expected 1`] = `
<DocumentFragment>
  <div
    class="MuiGrid-root MuiGrid-container MuiGrid-direction-xs-column MuiGrid-align-items-xs-center MuiGrid-justify-xs-center"
  >
    <header
      class="MuiPaper-root MuiAppBar-root MuiAppBar-positionFixed MuiAppBar-colorPrimary makeStyles-bg-1 mui-fixed MuiPaper-elevation4"
    >
      <div
        class="MuiToolbar-root MuiToolbar-regular MuiToolbar-gutters"
      >
        <h4
          class="MuiTypography-root makeStyles-tg-2 MuiTypography-h4"
        >
          Healthily
        </h4>
      </div>
    </header>
  </div>
</DocumentFragment>
`;
