// Jest Snapshot v1, https://goo.gl/fbAQLP

exports[`Conditions Details render component as expected 1`] = `
<DocumentFragment>
  <div
    class="MuiGrid-root MuiGrid-container MuiGrid-spacing-xs-2 MuiGrid-align-items-xs-center MuiGrid-justify-xs-center"
  >
    <div
      class="MuiGrid-root MuiGrid-container MuiGrid-direction-xs-column MuiGrid-align-items-xs-center MuiGrid-justify-xs-center"
    >
      <header
        class="MuiPaper-root MuiAppBar-root MuiAppBar-positionFixed MuiAppBar-colorPrimary makeStyles-bg-5 mui-fixed MuiPaper-elevation4"
      >
        <div
          class="MuiToolbar-root MuiToolbar-regular MuiToolbar-gutters"
        >
          <h4
            class="MuiTypography-root makeStyles-tg-6 MuiTypography-h4"
          >
            Healthily
          </h4>
        </div>
      </header>
    </div>
    <div
      class="MuiBox-root MuiBox-root-7 makeStyles-boxContainer-1"
    >
      <div
        class="MuiBox-root MuiBox-root-8 makeStyles-imageContainer-4"
      >
        <img
          alt="Failed to load"
          src="http://assets.your.md/conditions/alzheimers-disease/card/alzheimers-disease-male-card.jpg"
        />
        <label
          class="MuiFormLabel-root MuiInputLabel-root MuiInputLabel-animated"
        >
          Label
        </label>
        <p
          class="MuiTypography-root makeStyles-typoPadding-2 MuiTypography-body1"
        >
          Alzheimer's disease
        </p>
        <label
          class="MuiFormLabel-root MuiInputLabel-root MuiInputLabel-animated"
        >
          Snippet
        </label>
        <p
          class="MuiTypography-root makeStyles-typoPadding-2 MuiTypography-body1"
        >
          Alzheimer's disease is the most common cause of dementia. Dementia is a group of symptoms associated with a decline in the way your brain functions, affecting your memory and the way you behave.
        </p>
        <label
          class="MuiFormLabel-root MuiInputLabel-root MuiInputLabel-animated"
        >
          Synonyms
        </label>
        <p
          class="MuiTypography-root makeStyles-typoPadding-2 MuiTypography-body1"
        >
          ADAlzheimer diseaseAlzheimers disease
        </p>
      </div>
      <div
        class="MuiBox-root MuiBox-root-9 makeStyles-button-3"
      >
        <button
          class="MuiButtonBase-root MuiButton-root MuiButton-contained MuiButton-containedPrimary"
          data-testid="back-button-test-id"
          tabindex="0"
          type="button"
        >
          <span
            class="MuiButton-label"
          >
            BACK
          </span>
          <span
            class="MuiTouchRipple-root"
          />
        </button>
      </div>
    </div>
  </div>
</DocumentFragment>
`;
